<?xml version="1.0" encoding="UTF-8"?>
<TestRun id="eb6e01e2-822d-4aa7-9e4a-a9298b658f07" name="Administrator@WINDOWS-QA-1 2020-01-09 16:29:32" runUser="NT AUTHORITY\SYSTEM" xmlns="http://microsoft.com/schemas/VisualStudio/TeamTest/2010">
  <TestSettings name="Default Test Settings" id="7033c1d4-e58f-4b6e-8591-1b3437c0e060">
    <Execution>
      <TestTypeSpecific />
      <AgentRule name="Execution Agents">
      </AgentRule>
    </Execution>
    <Deployment runDeploymentRoot="Administrator_WINDOWS-QA-1 2020-01-09 16_29_32" />
    <Properties />
  </TestSettings>
  <Times creation="2020-01-09T16:29:32.6408632+02:00" queuing="2020-01-09T16:29:40.4024271+02:00" start="2020-01-09T16:29:41.8604267+02:00" finish="2020-01-09T16:29:47.0299786+02:00" />
  <ResultSummary outcome="Completed">
    <Counters total="2" executed="2" passed="2" error="0" failed="0" timeout="0" aborted="0" inconclusive="0" passedButRunAborted="0" notRunnable="0" notExecuted="0" disconnected="0" warning="0" completed="0" inProgress="0" pending="0" />
  </ResultSummary>
  <TestDefinitions>
    <UnitTest name="isTrue" storage="c:\qa\simulation\testing\mstest-master\runner\mstestproject.dll" id="10ed9d88-46c9-05b9-156d-2b585507df3c">
      <Execution id="d8e164e9-ed9c-4fee-aa99-8685d6961218" />
      <TestMethod codeBase="C:/QA/Simulation/Testing/mstest-master/runner/MSTestProject.DLL" adapterTypeName="Microsoft.VisualStudio.TestTools.TestTypes.Unit.UnitTestAdapter, Microsoft.VisualStudio.QualityTools.Tips.UnitTest.Adapter, Version=16.0.0.0, Culture=neutral, PublicKeyToken=b03f5f7f11d50a3a" className="MSTestProject.UnitTest1, MSTestProject, Version=1.0.0.0, Culture=neutral, PublicKeyToken=null" name="isTrue" />
    </UnitTest>
    <UnitTest name="isFalse" storage="c:\qa\simulation\testing\mstest-master\runner\mstestproject.dll" id="a44828db-0023-d090-8331-c52e1c27c3c9">
      <Execution id="7d360744-cf18-4905-a917-360b61a4b153" />
      <TestMethod codeBase="C:/QA/Simulation/Testing/mstest-master/runner/MSTestProject.DLL" adapterTypeName="Microsoft.VisualStudio.TestTools.TestTypes.Unit.UnitTestAdapter, Microsoft.VisualStudio.QualityTools.Tips.UnitTest.Adapter, Version=16.0.0.0, Culture=neutral, PublicKeyToken=b03f5f7f11d50a3a" className="MSTestProject.UnitTest1, MSTestProject, Version=1.0.0.0, Culture=neutral, PublicKeyToken=null" name="isFalse" />
    </UnitTest>
  </TestDefinitions>
  <TestLists>
    <TestList name="Results Not in a List" id="8c84fa94-04c1-424b-9868-57a2d4851a1d" />
    <TestList name="All Loaded Results" id="19431567-8539-422a-85d7-44ee4e166bda" />
  </TestLists>
  <TestEntries>
    <TestEntry testId="a44828db-0023-d090-8331-c52e1c27c3c9" executionId="7d360744-cf18-4905-a917-360b61a4b153" testListId="8c84fa94-04c1-424b-9868-57a2d4851a1d" />
    <TestEntry testId="10ed9d88-46c9-05b9-156d-2b585507df3c" executionId="d8e164e9-ed9c-4fee-aa99-8685d6961218" testListId="8c84fa94-04c1-424b-9868-57a2d4851a1d" />
  </TestEntries>
  <Results>
    <UnitTestResult executionId="7d360744-cf18-4905-a917-360b61a4b153" testId="a44828db-0023-d090-8331-c52e1c27c3c9" testName="isFalse" computerName="WINDOWS-QA-1" duration="00:00:00.4621032" startTime="2020-01-09T16:29:42.5154276+02:00" endTime="2020-01-09T16:29:45.4514202+02:00" testType="13cdc9d9-ddb5-4fa4-a97d-d965ccfc6d4b" outcome="Passed" testListId="8c84fa94-04c1-424b-9868-57a2d4851a1d" relativeResultsDirectory="7d360744-cf18-4905-a917-360b61a4b153">
    </UnitTestResult>
    <UnitTestResult executionId="d8e164e9-ed9c-4fee-aa99-8685d6961218" testId="10ed9d88-46c9-05b9-156d-2b585507df3c" testName="isTrue" computerName="WINDOWS-QA-1" startTime="2020-01-09T16:29:45.4514202+02:00" endTime="2020-01-09T16:29:45.4514202+02:00" testType="13cdc9d9-ddb5-4fa4-a97d-d965ccfc6d4b" outcome="Passed" testListId="8c84fa94-04c1-424b-9868-57a2d4851a1d" relativeResultsDirectory="d8e164e9-ed9c-4fee-aa99-8685d6961218">
    </UnitTestResult>
  </Results>
</TestRun>