<?xml version="1.0" encoding="UTF-8"?>
<TestRun id="32c0ea5e-6b44-4d54-acad-e8d19db8ab45" name="Administrator@WINDOWS-QA-1 2020-01-09 18:13:31" runUser="NT AUTHORITY\SYSTEM" xmlns="http://microsoft.com/schemas/VisualStudio/TeamTest/2010">
  <TestSettings name="Default Test Settings" id="2d2eab99-be5d-46b5-8f6e-97076aa938a1">
    <Execution>
      <TestTypeSpecific />
      <AgentRule name="Execution Agents">
      </AgentRule>
    </Execution>
    <Deployment runDeploymentRoot="Administrator_WINDOWS-QA-1 2020-01-09 18_13_31" />
    <Properties />
  </TestSettings>
  <Times creation="2020-01-09T18:13:31.2190049+02:00" queuing="2020-01-09T18:13:31.7185084+02:00" start="2020-01-09T18:13:31.8903830+02:00" finish="2020-01-09T18:13:32.5988487+02:00" />
  <ResultSummary outcome="Completed">
    <Counters total="2" executed="2" passed="2" error="0" failed="0" timeout="0" aborted="0" inconclusive="0" passedButRunAborted="0" notRunnable="0" notExecuted="0" disconnected="0" warning="0" completed="0" inProgress="0" pending="0" />
  </ResultSummary>
  <TestDefinitions>
    <UnitTest name="isTrue" storage="c:\qa\simulation\testing\mstest-master\runner\mstestproject.dll" id="10ed9d88-46c9-05b9-156d-2b585507df3c">
      <Execution id="ef300839-3b75-49fd-9484-aff0a2fb77ba" />
      <TestMethod codeBase="C:/QA/Simulation/Testing/mstest-master/runner/MSTestProject.DLL" adapterTypeName="Microsoft.VisualStudio.TestTools.TestTypes.Unit.UnitTestAdapter, Microsoft.VisualStudio.QualityTools.Tips.UnitTest.Adapter, Version=16.0.0.0, Culture=neutral, PublicKeyToken=b03f5f7f11d50a3a" className="MSTestProject.UnitTest1, MSTestProject, Version=1.0.0.0, Culture=neutral, PublicKeyToken=null" name="isTrue" />
    </UnitTest>
    <UnitTest name="isFalse" storage="c:\qa\simulation\testing\mstest-master\runner\mstestproject.dll" id="a44828db-0023-d090-8331-c52e1c27c3c9">
      <Execution id="b01516e4-c0c8-44ab-af08-6ea22bfbe62d" />
      <TestMethod codeBase="C:/QA/Simulation/Testing/mstest-master/runner/MSTestProject.DLL" adapterTypeName="Microsoft.VisualStudio.TestTools.TestTypes.Unit.UnitTestAdapter, Microsoft.VisualStudio.QualityTools.Tips.UnitTest.Adapter, Version=16.0.0.0, Culture=neutral, PublicKeyToken=b03f5f7f11d50a3a" className="MSTestProject.UnitTest1, MSTestProject, Version=1.0.0.0, Culture=neutral, PublicKeyToken=null" name="isFalse" />
    </UnitTest>
  </TestDefinitions>
  <TestLists>
    <TestList name="Results Not in a List" id="8c84fa94-04c1-424b-9868-57a2d4851a1d" />
    <TestList name="All Loaded Results" id="19431567-8539-422a-85d7-44ee4e166bda" />
  </TestLists>
  <TestEntries>
    <TestEntry testId="a44828db-0023-d090-8331-c52e1c27c3c9" executionId="b01516e4-c0c8-44ab-af08-6ea22bfbe62d" testListId="8c84fa94-04c1-424b-9868-57a2d4851a1d" />
    <TestEntry testId="10ed9d88-46c9-05b9-156d-2b585507df3c" executionId="ef300839-3b75-49fd-9484-aff0a2fb77ba" testListId="8c84fa94-04c1-424b-9868-57a2d4851a1d" />
  </TestEntries>
  <Results>
    <UnitTestResult executionId="b01516e4-c0c8-44ab-af08-6ea22bfbe62d" testId="a44828db-0023-d090-8331-c52e1c27c3c9" testName="isFalse" computerName="WINDOWS-QA-1" duration="00:00:00.0134847" startTime="2020-01-09T18:13:31.9997592+02:00" endTime="2020-01-09T18:13:32.5153836+02:00" testType="13cdc9d9-ddb5-4fa4-a97d-d965ccfc6d4b" outcome="Passed" testListId="8c84fa94-04c1-424b-9868-57a2d4851a1d" relativeResultsDirectory="b01516e4-c0c8-44ab-af08-6ea22bfbe62d">
    </UnitTestResult>
    <UnitTestResult executionId="ef300839-3b75-49fd-9484-aff0a2fb77ba" testId="10ed9d88-46c9-05b9-156d-2b585507df3c" testName="isTrue" computerName="WINDOWS-QA-1" duration="00:00:00.0001329" startTime="2020-01-09T18:13:32.5153836+02:00" endTime="2020-01-09T18:13:32.5153836+02:00" testType="13cdc9d9-ddb5-4fa4-a97d-d965ccfc6d4b" outcome="Passed" testListId="8c84fa94-04c1-424b-9868-57a2d4851a1d" relativeResultsDirectory="ef300839-3b75-49fd-9484-aff0a2fb77ba">
    </UnitTestResult>
  </Results>
</TestRun>