<?xml version="1.0" encoding="UTF-8"?>
<TestRun id="2b5daefa-9899-4d27-b8fc-e23bf921d15b" name="Administrator@WINDOWS-QA-1 2020-01-09 15:56:50" runUser="NT AUTHORITY\SYSTEM" xmlns="http://microsoft.com/schemas/VisualStudio/TeamTest/2010">
  <TestSettings name="Default Test Settings" id="e044e794-0ef0-4dc0-884d-fc3ac1589dc0">
    <Execution>
      <TestTypeSpecific />
      <AgentRule name="Execution Agents">
      </AgentRule>
    </Execution>
    <Deployment runDeploymentRoot="Administrator_WINDOWS-QA-1 2020-01-09 15_56_50" />
    <Properties />
  </TestSettings>
  <Times creation="2020-01-09T15:56:50.9843004+02:00" queuing="2020-01-09T15:56:51.5463879+02:00" start="2020-01-09T15:56:51.8276377+02:00" finish="2020-01-09T15:56:52.5626956+02:00" />
  <ResultSummary outcome="Completed">
    <Counters total="2" executed="2" passed="2" error="0" failed="0" timeout="0" aborted="0" inconclusive="0" passedButRunAborted="0" notRunnable="0" notExecuted="0" disconnected="0" warning="0" completed="0" inProgress="0" pending="0" />
  </ResultSummary>
  <TestDefinitions>
    <UnitTest name="isTrue" storage="c:\qa\simulation\testing\mstest-master\runner\mstestproject.dll" id="10ed9d88-46c9-05b9-156d-2b585507df3c">
      <Execution id="9ba14faf-d8ac-4e82-93c7-9ba8bd7a1ca3" />
      <TestMethod codeBase="C:/QA/Simulation/Testing/mstest-master/runner/MSTestProject.DLL" adapterTypeName="Microsoft.VisualStudio.TestTools.TestTypes.Unit.UnitTestAdapter, Microsoft.VisualStudio.QualityTools.Tips.UnitTest.Adapter, Version=16.0.0.0, Culture=neutral, PublicKeyToken=b03f5f7f11d50a3a" className="MSTestProject.UnitTest1, MSTestProject, Version=1.0.0.0, Culture=neutral, PublicKeyToken=null" name="isTrue" />
    </UnitTest>
    <UnitTest name="isFalse" storage="c:\qa\simulation\testing\mstest-master\runner\mstestproject.dll" id="a44828db-0023-d090-8331-c52e1c27c3c9">
      <Execution id="a593a02f-711b-4f97-99f1-623f89be10f9" />
      <TestMethod codeBase="C:/QA/Simulation/Testing/mstest-master/runner/MSTestProject.DLL" adapterTypeName="Microsoft.VisualStudio.TestTools.TestTypes.Unit.UnitTestAdapter, Microsoft.VisualStudio.QualityTools.Tips.UnitTest.Adapter, Version=16.0.0.0, Culture=neutral, PublicKeyToken=b03f5f7f11d50a3a" className="MSTestProject.UnitTest1, MSTestProject, Version=1.0.0.0, Culture=neutral, PublicKeyToken=null" name="isFalse" />
    </UnitTest>
  </TestDefinitions>
  <TestLists>
    <TestList name="Results Not in a List" id="8c84fa94-04c1-424b-9868-57a2d4851a1d" />
    <TestList name="All Loaded Results" id="19431567-8539-422a-85d7-44ee4e166bda" />
  </TestLists>
  <TestEntries>
    <TestEntry testId="a44828db-0023-d090-8331-c52e1c27c3c9" executionId="a593a02f-711b-4f97-99f1-623f89be10f9" testListId="8c84fa94-04c1-424b-9868-57a2d4851a1d" />
    <TestEntry testId="10ed9d88-46c9-05b9-156d-2b585507df3c" executionId="9ba14faf-d8ac-4e82-93c7-9ba8bd7a1ca3" testListId="8c84fa94-04c1-424b-9868-57a2d4851a1d" />
  </TestEntries>
  <Results>
    <UnitTestResult executionId="a593a02f-711b-4f97-99f1-623f89be10f9" testId="a44828db-0023-d090-8331-c52e1c27c3c9" testName="isFalse" computerName="WINDOWS-QA-1" duration="00:00:00.0136454" startTime="2020-01-09T15:56:51.9745744+02:00" endTime="2020-01-09T15:56:52.5089543+02:00" testType="13cdc9d9-ddb5-4fa4-a97d-d965ccfc6d4b" outcome="Passed" testListId="8c84fa94-04c1-424b-9868-57a2d4851a1d" relativeResultsDirectory="a593a02f-711b-4f97-99f1-623f89be10f9">
    </UnitTestResult>
    <UnitTestResult executionId="9ba14faf-d8ac-4e82-93c7-9ba8bd7a1ca3" testId="10ed9d88-46c9-05b9-156d-2b585507df3c" testName="isTrue" computerName="WINDOWS-QA-1" duration="00:00:00.0001148" startTime="2020-01-09T15:56:52.5099566+02:00" endTime="2020-01-09T15:56:52.5129569+02:00" testType="13cdc9d9-ddb5-4fa4-a97d-d965ccfc6d4b" outcome="Passed" testListId="8c84fa94-04c1-424b-9868-57a2d4851a1d" relativeResultsDirectory="9ba14faf-d8ac-4e82-93c7-9ba8bd7a1ca3">
    </UnitTestResult>
  </Results>
</TestRun>